I'm sorry, but errors were detected in your script. Please correct the
errors listed below, and try again.


File "game/script.rpy", line 11: expected statement.
    bg rain:
           ^

Ren'Py Version: Ren'Py 8.0.3.22090809
Wed Mar 29 01:08:15 2023
